[   .000000] Linux version 4.15.0--gneric (buildd@lgw01-amd64-055) (gcc version 7.4.0 (Ubuntu 7.4.0-1ubuntu1~18.04.1)) #79-Ubuntu SMP Tue Nov 12 10:36:11 UTC 2019 (Ubuntu 4.15.0-70.79-generic 4.15.18)
[    0.000] Comma line: BOOT_IMAGE=/boot/vmlinuz-4.15.0-70-generic root=UUID=84b68602-df36-4d56-8934-50dd3bdf7f8 ro console=tty1 console=ttyS0
[    0.000000] KERNEL suported cpus:
[    0.000000]   Intel GenuineIntel
[    0.0000]  AMD thnticAMD
[   .00000]  Cntaur CentaurHauls
[    0.000000] x86/fpu: Supporting XSAVE feature 0x001: 'x87 floating point registers'
[    0.000000] x86/fpu: Supporting XSAVE feature 0x002: 'SSE registers'
[    0.000000] x86/fpu: SupprtngXSSAVE feature 0x004: 'AVX registers'
[    0.000000] x86fpu: xstate_offset[2]:  576, xstate_sizes[2]:  256
[    0.000000] x86/fpu: Enabled xstate features 0x7, context size is 832 bytes, usin 'standard' format.
[    0.000000] 20 BIOS-provid physicl AMmap:
[    0.000000] BIOS-e820: [mem 0x0000000000000000-0x000000000009fbff] usable
[    0.000000] BIOS-e820: [mem 0x000000000009fc00-0x000000009ffff] resved
[    0.000000] BOS-e80:mem 0x00000000000f0000-0x000000000fffff] reserved
[    0.000000] BIOS-e820: [mem 0x0000000000100000-0x0000003ffeffff] usable
[    0.000000] BIOS-e820: [mem 0x000000003fff0000-0x000000003fffffff] ACPI data
[    0.000000] BIOS-e820: [me0x0000000fec00000-0x00000000fec00fff] reserved
[    0.000000] BIOS-e820: [mem 0x00000000fee00000-0x00000000fee00fff] reserved
[    0.000000] BIOS-e820: [mem 0x00000000fffc0000-0x000000fffffff] resved
[    0.000000] NX (Execute Disable) protection: active
[    0.000000] SMBIOS 2.5 present.
[    0.000000] DMI: innotek GmbH VirtualBox/VirtualBox, BIOS VirtualBox 12/01/2006
[    0.000000] Hypervisor detected: KVM
[    0.000000] e820: last_pfn = 0x3fff0 max_arch_pfn = 0x400000000
[    0.000000] MTRR: Disabled
[    0.000000] x86/PAT: MTRRs disabled, skipping PAT initialization too.
[    0.000000] CPU MTRRs all blank - virtualized system.
[    0.000000] x86/PAT: Configuration [0-7]: WB  WT  UC- UC  WB  WT  UC- UC  
[    0.000000] found SMP MP-table at [mem 0x0009fff0-0x0009ffff]
[    0.000000] Scanning 1 areas for low memory corruption
[    0.000000] RAMDISK: [mem 0x35981000-0x36cb7fff]
[    0.000000] ACPI: Early table checksum verification disabled
[    0.000000] ACPI: RSDP 0x00000000000E0000 000024 (v02 VBOX  )
[    0.000000] ACPI: XSDT 0x000000003FFF0030 00003C (v001 VBOX   VBOXXSDT 00000001 ASL  00000061)
[    0.000000] ACPI: FACP 0x000000003FFF00F0 0000F4 (v0 VBOX   VBOXFACP 00000001 ASL  00000061)
[    0.000000] ACPI: DSDT 0x000000003FFF0470 0021FF (v02 VBOX   VBBIOS 00000002 INL 0100528)
[   .00000] ACPIFAS 0x000000003FFF0200 00040
[    0.00000 ACPI:FACS x000000003FFF00 000040
[    0.000000] ACPI: APIC 0x000000003FFF0240 00005C (v02 VBOX   BOXAPIC 00000001 ASL  00000061)
[    0.000000] ACPI: SSDT 0x00000003F02A0 0001CC (v01 VBOX   VBOXCPUT 00000002 INTL010058)
[   0.00000 N NUMAconfuratin oud
[    0.000000] Faking a node at [mem 0x0000000000000000-0x000000003ffeffff]
[    0.000000] NODE_DATA(0) allocated [mem 0x3ffc5000-0x3ffeffff]
[    0.000000] kvm-clock: cpu 0, msr 0:3ff44001, primary cpu clock
[    0.000000] kvm-clock: Using msrs 4b564d01 and 4b564d00
[    0.000000] kvm-clock: using sched offset of 4223536925 cycles
[    .000000] cckource: kvm-clock: mask: 0xfffffffffffffff max_cycles: 0x1cd42e4dffb, max_idle_ns: 881590591483 ns
[    0.0000] Zone ranges:
[    0.000000]   DMA      [mem 0x0000000000001000-0x0000000000ffffff]
[    0.000000]   DMA32    [mem 0x0000000001000000-0x000000003ffeffff]
[    0.000000]   Normal   empty
[    0.000000]   Device   empty
[    0.000000] Movable zone start for each node
[    0.000000] Early memory node ranges
[    0.000000]   node   0: [mem 0x0000000000001000-0x000000000009efff]
[    0.000000]   node   0: [mem 0x0000000000100000-0x000000003ffeffff]
[    0.000000] Reserved but unavailable: 98 pages
[    0.000000] Initmem setup node 0 [mem 0x000000000001000-0x000000003fefff
[    0.000000] ACPI: PM-Timer IO Port: 0x4008
[    0.000000] IOAPIC0]: apic_id 2 version2, adres0xfec000, SI 023
[    .0000]ACPI: INT_SRC_OVRbus 0 bus_irq 0 global_irq 2 dfl dfl)
[    0.000000] ACPI: INT_SRC_OVR (bus 0 bus_irq 9 global_irq 9 low level)
[    0.00000 Using ACPI (MADT) for SMP configuration information
[    0.000000] smpboot: Allowing 2 CPUs, 0 hotplug CPUs
[    0.000000] PM: Regisred nosave memory: [me0x00000000-0x00000fff]
[    0.000000] PM: Regtered nsave memory: [mem 0x0009f000-0x0009ffff]
[    0.0000] P: egstered nosave memory: [mem 0x000a0000-0x000effff
   0.0000] PM: Registered nosave memory: [mem 0x000f0000-0x00ffff
[    0.000000] e820: [mem 0x40000000-0xfebfffff] available for PCI devices
[    0.0000] Bootingparavirtualized kernel on KVM
[    0.000000] clocksource: refined-jiffies: mask: 0xffffffff max_cycles: 0xffffffff, max_idle_ns: 76455196011568s
[   .000000] random: get_random_bytes called from start_kernel+0x99/0x4fd with crng_init=0
[    0.000000] setup_percpu: NR_CUS8192 nr_umsk_bits:2 nr_cpu_id:2 nr_node_ids:1
[    0.000000] percpu: Embedded 45 pages/cpu s147456 r8192 d28672 u1048576
[    0.000000] PV qspinlock hash table entries: 256 (order: 0, 4096 bytes)
[    0.000000] Built 1 zonelists, mobility grouping on. Total pages: 257913
[    0.000000] Policy zone: DMA32
[    0.000000] Kernel command line: BOOT_IMAGE=/boot/vmlinuz-4.15.0-70-generic rt=UID=84b68602-df36-4d56-8934-50dd3bedf7f8 ro onole=tty1 console=ttyS0
[    0.000000] Memory: 2912K/1048120K available (12300K krnelcoe, 248 rdata, 4264K rodata, 2432K ini, 388Kbss, 65208K reserved, 0K cma-reserved)
[    0.000000] SLUB: HWalign=64, Order=0-3, MinObjects=0, CPUs=2, Nodes=1
[    0.000000] Kernel/User page tables isolation: enabled
[    0.000000] ftrace: allocating 39315 entries in 154 pages
[    0.004000] Hierarchical RCU implementation.
[    0.004000] 	RCU restricting CPUs from NR_CPUS=8192 to nr_cpu_ids=2.
[    0.004000] 	Tasks RCU enabled.
[    0.004000] RCU: Adjusting geometry for rcu_fanout_leaf=16, nr_cpu_ids=2
[    0.004000 NR_RQS: 524544, nr_irqs: 440, prealcaed irq 1
[    0.00400 Cnsole: colour VGA+ 80x25
[    0.004000] console [tty1] enabled
[    0.004000] console [ttyS0] enabled
[    0.004000] ACPI: Core revision 20170831
[    0.004000] ACPI: 2 ACPI AML tables successfullycquired d oaded
[    0.004000] APIC: Switch to symmetric I/O mode setup
[    0.004304] x2apic enabled
[    0.008009] Switched APIC routing to physical x2apic.
[    0.013051] ..TIMER: vector=0x30 apic1=0 pin1=2 apic2=-1 pin2=-1
[    0.016003] tsc: Detected 1608.000 MHz processor
[    0.020014] Calibrating delay loop (skipped) preset value.. 3216.00 BogoMIPS (lpj=6432000)
[    0.022511] pid_max: default: 32768 minimum: 301
[    0.024047] Security Framework initialized
[    0.025312] Yama: becoming mindful.
[    0.026815] AppArmor: AppArmor initialized
[    0.030062] Dentry cache hash table entries: 131072 (order: 8, 1048576 bytes)
[    0.032182] Inode-cache hash table entries: 65536 (order: 7, 524288 bytes)
[    0.036026] Mount-cache hash table entries: 2048 (order: 2, 16384 bytes)
[    0.040012] Mountpoint-cache hash table entries: 2048 (order: 2, 16384 bytes)
[    0.044591] Last level iTLB entries: 4KB 64, 2MB 8, 4MB 8
[    0.048003] Last level dTLB entries: 4KB 64, 2MB 0, 4MB 0, 1GB 4
[    0.052004] Spectre V1 : Mitigation: usercopy/swapgs barriers and __user pointer sanitization
[    0.056005] Spectre V2 : Mitigation: Full generic retpoline
[    0.060003] Spectre V2 : Spectre v2 / SpectreRSB mitigation: Filling RSB on context switch
[    0.064007] Speculative Store Bypass: Vulnerable
[    0.068051] MDS: Vulnerable: Clear CPU buffers attempted, no microcode
[    0.072237] Freeing SMP alternatives memory: 36K
[    0.186653] smpboot: CPU0: Intel(R) Core(TM) i5-8210Y CPU @ 1.60GHz (family: 0x6, model: 0x8e, stepping: 0x9)
[    0.188105] Performance Events: unsupported p6 CPU model 142 no PMU driver, software events only.
[    0.192049] Hierarchical SRCU implementation.
[    0.196609] NMI watchdog: Perf event create on CPU 0 failed with -2
[    0.200006] NMI watchdog: Perf NMI watchdog permanently disabled
[    0.204084] smp: Bringing up secondary CPUs ...
[    0.208096] x86: Booting SMP configuration:
[    0.212004] .... node  #0, CPUs:      #1
[    0.004000] kvm-clock: cpu 1, msr 0:3ff44041, secondary cpu clock
[    0.216023] smp: Brought up 1 node, 2 CPUs
[    0.220007] smpboot: Max logical packages: 1
[    0.224004] smpboot: Total of 2 processors activated (6432.00 BogoMIPS)
[    0.228165] devtmpfs: initialized
[    0.232063] x86/mm: Memory block size: 128MB
[    0.236157] evm: security.selinux
[    0.240006] evm: security.SMACK64
[    0.244006] evm: security.SMACK64EXEC
[    0.248003] evm: security.SMACK64TRANSMUTE
[    0.252004] evm: security.SMACK64MMAP
[    0.256003] evm: security.apparmor
[    0.260003] evm: security.ima
[    0.264003] evm: security.capability
[    0.268105] clocksource: jiffies: mask: 0xffffffff max_cycles: 0xffffffff, max_idle_ns: 7645041785100000 ns
[    0.272024] futex hash table entries: 512 (order: 3, 32768 bytes)
[    0.277650] pinctrl core: initialized pinctrl subsystem
[    0.280135] RTC time:  8:25:21, date: 04/21/20
[    0.284106] NET: Registered protocol family 16
[    0.285542] audit: initializing netlink subsys (disabled)
[    0.287148] audit: type=2000 audit(1587457521.794:1): state=initialized audit_enabled=0 res=1
[    0.292015] cpuidle: using governor ladder
[    0.296013] cpuidle: using governor menu
[    0.297394] ACPI: bus type PCI registered
[    0.298602] acpiphp: ACPI Hot Plug PCI Controller Driver version: 0.5
[    0.300169] PCI: Using configuration type 1 for base access
[    0.304138] HugeTLB registered 2.00 MiB page size, pre-allocated 0 pages
[    0.308194] ACPI: Added _OSI(Module Device)
[    0.308194] ACPI: Added _OSI(Processor Device)
[    0.312013] ACPI: Added _OSI(3.0 _SCP Extensions)
[    0.316003] ACPI: Added _OSI(Processor Aggregator Device)
[    0.316010] ACPI: Added _OSI(Linux-Dell-Video)
[    0.332034] ACPI: Added _OSI(Linux-Lenovo-NV-HDMI-Audio)
[    0.336006] ACPI: Added _OSI(Linux-HPI-Hybrid-Graphics)
[    0.340952] ACPI: Executed 1 blocks of module-level executable AML code
[    0.356000] ACPI: Interpreter enabled
[    0.356020] ACPI: (supports S0 S5)
[    0.357690] ACPI: Using IOAPIC for interrupt routing
[    0.368335] PCI: Using host bridge windows from ACPI; if necessary, use "pci=nocrs" and report a bug
[    0.388237] ACPI: Enabled 2 GPEs in block 00 to 07
[    0.473326] ACPI: PCI Root Bridge [PCI0] (domain 0000 [bus 00-ff])
[    0.584018] acpi PNP0A03:00: _OSC: OS supports [ASPM ClockPM Segments MSI]
[    0.636049] acpi PNP0A03:00: _OSC: not requesting OS control; OS requires [ExtendedConfig ASPM ClockPM MSI]
[    0.748026] acpi PNP0A03:00: fail to add MMCONFIG information, can't access extended PCI configuration space under this bridge.
[    0.872485] PCI host bridge to bus 0000:00
[    0.944013] pci_bus 0000:00: root bus resource [io  0x0000-0x0cf7 window]
[    0.964015] pci_bus 0000:00: root bus resource [io  0x0d00-0xffff window]
[    0.976010] pci_bus 0000:00: root bus resource [mem 0x000a0000-0x000bffff window]
[    0.992012] pci_bus 0000:00: root bus resource [mem 0x40000000-0xfdffffff window]
[    1.080012] pci_bus 0000:00: root bus resource [bus 00-ff]
[    1.153760] pci 0000:00:01.1: legacy IDE quirk: reg 0x10: [io  0x01f0-0x01f7]
[    1.220010] pci 0000:00:01.1: legacy IDE quirk: reg 0x14: [io  0x03f6]
[    1.284005] pci 0000:00:01.1: legacy IDE quirk: reg 0x18: [io  0x0170-0x0177]
[    1.372008] pci 0000:00:01.1: legacy IDE quirk: reg 0x1c: [io  0x0376]
[    1.413274] pci 0000:00:07.0: quirk: [io  0x4000-0x403f] claimed by PIIX4 ACPI
[    1.415618] pci 0000:00:07.0: quirk: [io  0x4100-0x410f] claimed by PIIX4 SMB
[    1.439376] ACPI: PCI Interrupt Link [LNKA] (IRQs 5 9 10 *11)
[    1.440814] ACPI: PCI Interrupt Link [LNKB] (IRQs 5 9 *10 11)
[    1.448440] ACPI: PCI Interrupt Link [LNKC] (IRQs 5 *9 10 11)
[    1.452450] ACPI: PCI Interrupt Link [LNKD] (IRQs 5 9 10 *11)
[    1.456253] SCSI subsystem initialized
[    1.460182] pci 0000:00:02.0: vgaarb: setting as boot VGA device
[    1.464000] pci 0000:00:02.0: vgaarb: VGA device added: decodes=io+mem,owns=io+mem,locks=none
[    1.468013] pci 0000:00:02.0: vgaarb: bridge control possible
[    1.476007] vgaarb: loaded
[    1.477562] ACPI: bus type USB registered
[    1.488043] usbcore: registered new interface driver usbfs
[    1.584036] usbcore: registered new interface driver hub
[    1.680061] usbcore: registered new device driver usb
[    1.732091] EDAC MC: Ver: 3.0.0
[    1.740266] PCI: Using ACPI for IRQ routing
[    1.820141] NetLabel: Initializing
[    1.908005] NetLabel:  domain hash size = 128
[    1.940003] NetLabel:  protocols = UNLABELED CIPSOv4 CALIPSO
[    1.980093] NetLabel:  unlabeled traffic allowed by default
[    1.984113] clocksource: Switched to clocksource kvm-clock
[    2.00016 V: isk quotas uo_66.
   22325 VS:Dqotcahe hash table entries: 512 (order 0, 4096 bytes)
[    2.472881] AppArmor: AppArmor Filesystem Enabled
[    2.474180] pnp: PnP ACPI init
[    2.476586] pnp: PnP ACPI: found 3 devices

[    2.494129] clocksource: acpi_pm: mask: 0xffffff max_cycles: 0xffffff max_idle_ns: 2085701024 ns
[    2.536794] NET: Registered protocol family 2

[    2.539969] TCP established hash table entries: 8192 (order: 4, 65536 bytes)
[    2.543082] CPind hash table entries: 8192 (order: 5, 131072 bytes)
[    2.622924] TCP: Hash tables configured (established 8192 bind 8192)
[    2.624927] UDP hash table entries: 512 (order: 2, 16384 bytes)
[    2.6266] P-it hshabe ntrie 52 orer 2 138 bte)
[   .1544]NE: egstre potco fmiy 
  3.7326] pci 0000:00:00.0: Limiting direct PCI/PCI transfers
[    3.584075] pci 0000:00:01.0: Activating ISA DMA hang workarounds
[    3.586021] pci 0000:00:02.0: Video device with shadowed ROM at [mem 0x000c0000-0x000dffff]
[    3.588974] Unpacking initramfs...
[   .9912]Freig nitrd memory: 196K[    4.198811] closorc: sc mk:0xffffffffff mx_yces 017aa3a18b, max_idle_ns: 40795212390 ns
[    4.765314] platform rtc_cmos: registered latform RTC device (no NPdeic fun)[   .973] Scnningorlo memory corrtin vey 60 seconds
[    5.341445] Initialise system trusted keyrings
[    5.391214] Key type blacklist registered
[    5.418484] workingset: timestamp_bits=36 max_order=18 bucket_order=0
[    5.477794] zbud: loaded
[    5.502554] squashfs: version 4.0 (2009/01/31) Phillip Lougher
[    5.552791] fuse init (API version 7.26)
[    5.597286] Key type asymmetric registered
[    5.609908] Asymmetric key parser 'x509' registered
[    5.622947] Block layer SCSI generic (bsg) driver version 0.4 loaded (major 246)
[    5.635424] io scheduler noop registered
[    5.647571] io scheduler deadline registered
[    5.654846] io scheduler cfq registered (default)
[    5.657071] ACPI: AC Adapter [AC] (on-line)
[    5.664164] input: Power Button as /devices/LNXSYSTM:00/LNXPWRBN:00/input/input0
[    5.667874] ACPI: Power Button [PWRF]
[    5.670499] input: Sleep Button as /devices/LNXSYSTM:00/LNXSLPBN:00/input/input1
[    5.677748] ACPI: Sleep Button [SLPF]
[    5.681051] Serial: 8250/16550 driver, 32 ports, IRQ sharing enabled
[    5.682669] ACPI: Battery Slot [BAT0] (battery present)
[    5.731235] 00:02: ttyS0 at I/O 0x3f8 (irq = 4, base_baud = 115200) is a 16550A
[    5.737382] Linux agpgart interface v0.103
[    5.741986] loop: module loaded
[    5.761991] scsi host0: ata_piix
[    5.763410] scsi host1: ata_piix
[    5.770561] ata1: PATA max UDMA/33 cmd 0x1f0 ctl 0x3f6 bmdma 0xd000 irq 14
[    5.772888] ata2: PATA max UDMA/33 cmd 0x170 ctl 0x376 bmdma 0xd008 irq 15
[    5.775295] libphy: Fixed MDIO Bus: probed
[    5.776700] tun: Universal TUN/TAP device driver, 1.6
[    5.778015] PPP generic driver version 2.4.2
[    5.779149] ehci_hcd: USB 2.0 'Enhanced' Host Controller (EHCI) Driver
[    5.781286] ehci-pci: EHCI PCI platform driver
[    5.782771] ehci-platform: EHCI generic platform driver
[    5.784636] ohci_hcd: USB 1.1 'Open' Host Controller (OHCI) Driver
[    5.792542] ohci-pci: OHCI PCI platform driver
[    5.795242] ohci-platform: OHCI generic platform driver
[    5.826523] uhci_hcd: USB Universal Host Controller Interface driver
[    5.858467] i8042: PNP: PS/2 Controller [PNP0303:PS2K,PNP0f03:PS2M] at 0x60,0x64 irq 1,12
[    5.887586] serio: i8042 KBD port at 0x60,0x64 irq 1
[    5.890179] serio: i8042 AUX port at 0x60,0x64 irq 12
[    5.894091] mousedev: PS/2 mouse device common for all mice
[    5.897307] rtc_cmos rtc_cmos: rtc core: registered rtc_cmos as rtc0
[    5.901796] rtc_cmos rtc_cmos: alarms up to one day, 114 bytes nvram
[    5.906776] i2c /dev entries driver
[    5.909503] input: AT Translated Set 2 keyboard as /devices/platform/i8042/serio0/input/input2
[    5.912311] device-mapper: uevent: version 1.0.3
[    5.991595] device-mapper: ioctl: 4.37.0-ioctl (2017-09-20) initialised: dm-devel@redhat.com
[    6.104824] ledtrig-cpu: registered to indicate activity on CPUs
[    6.130949] NET: Registered protocol family 10
[    6.167610] Segment Routing with IPv6
[    6.207079] NET: Registered protocol family 17
[    6.267611] Key type dns_resolver registered
[    6.355899] mce: Using 0 MCE banks
[    6.391729] RAS: Correctable Errors collector initialized.
[    6.426955] sched_clock: Marking stable (6426897904, 0)->(12073125103, -5646227199)
[    6.548964] registered taskstats version 1
[    6.590775] Loading compiled-in X.509 certificates
[    6.635523] Loaded X.509 cert 'Build time autogenerated kernel key: 1859b0531897959199376c446a0bd70df75fd1fc'
[    6.792457] zswap: loaded using pool lzo/zbud
[    6.853394] Key type big_key registered
[    6.902877] Key type trusted registered
[    6.951609] Key type encrypted registered
[    6.952903] AppArmor: AppArmor sha1 policy hashing enabled
[    6.954540] ima: No TPM chip found, activating TPM-bypass! (rc=-19)
[    6.956401] ima: Allocated hash algorithm: sha1
[    6.969691] evm: HMAC attrs: 0x1
[    6.977148]   Magic number: 0:786:422
[    6.979168] rtc_cmos rtc_cmos: setting system clock to 2020-04-21 08:25:27 UTC (1587457527)
[    6.986814] BIOS EDD facility v0.16 2004-Jun-25, 0 devices found
[    6.992946] EDD information not available.
[    7.002898] Freeing unused kernel image memory: 2432K
[    7.024240] Write protecting the kernel read-only data: 20480k
[    7.028228] Freeing unused kernel image memory: 2008K
[    7.030875] Freeing unused kernel image memory: 1880K
[    7.050927] x86/mm: Checked W+X mappings: passed, no W+X pages found.
[    7.145424] x86/mm: Checking user space page tables
[    7.213930] x86/mm: Checked W+X mappings: passed, no W+X pages found.
Loading, please wait...
starting version 237
[    7.295495] e1000: Intel(R) PRO/1000 Network Driver - version 7.3.21-k8-NAPI
[    7.297291] e1000: Copyright (c) 1999-2006 Intel Corporation.
[    7.301024] Fusion MPT base driver 3.04.20
[    7.302161] Copyright (c) 1999-2008 LSI Corporation
[    7.307235] Fusion MPT SPI Host driver 3.04.20
[    7.330299] AVX2 version of gcm_enc/dec engaged.
[    7.331782] AES CTR mode by8 optimization enabled
[    7.520954] input: ImExPS/2 Generic Explorer Mouse as /devices/platform/i8042/serio1/input/input4
[    7.710354] e1000 0000:00:03.0 eth0: (PCI:33MHz:32-bit) 02:14:02:97:50:96
[    8.121630] e1000 0000:00:03.0 eth0: Intel(R) PRO/1000 Network Connection
[    8.126461] mptbase: ioc0: Initiating bringup
[    8.732695] ioc0: LSI53C1030 A0: Capabilities={Initiator}
[    9.596916] scsi host2: ioc0: LSI53C1030 A0, FwRev=00000000h, Ports=1, MaxQ=256, IRQ=20
[   10.853601] scsi 2:0:0:0: Direct-Access     VBOX     HARDDISK         1.0  PQ: 0 ANSI: 5
[   11.216480] scsi target2:0:0: Beginning Domain Validation
[   11.240174] scsi target2:0:0: Domain Validation skipping write tests
[   11.241700] scsi target2:0:0: Ending Domain Validation
[   11.243184] scsi target2:0:0: asynchronous
[   11.245305] scsi 2:0:1:0: Direct-Access     VBOX     HARDDISK         1.0  PQ: 0 ANSI: 5
[   11.251714] e1000 0000:00:08.0 eth1: (PCI:33MHz:32-bit) 08:00:27:d9:a4:0f
[   11.274873] e1000 0000:00:08.0 eth1: Intel(R) PRO/1000 Network Connection
[   11.312049] e1000 0000:00:03.0 enp0s3: renamed from eth0
[   11.371748] scsi target2:0:1: Beginning Domain Validation
[   11.372823] e1000 0000:00:08.0 enp0s8: renamed from eth1
[   11.389921] random: fast init done
[   11.393164] random: systemd-udevd: uninitialized urandom read (16 bytes read)
[   11.394914] random: systemd-udevd: uninitialized urandom read (16 bytes read)
[   11.394948] random: systemd-udevd: uninitialized urandom read (16 bytes read)
[   11.400514] scsi target2:0:1: Domain Validation skipping write tests
[   11.402475] scsi target2:0:1: Ending Domain Validation
[   11.404309] scsi target2:0:1: asynchronous
[   11.413035] sd 2:0:0:0: Attached scsi generic sg0 type 0
[   11.415272] sd 2:0:1:0: Attached scsi generic sg1 type 0
[   11.418100] sd 2:0:0:0: [sda] 20971520 512-byte logical blocks: (10.7 GB/10.0 GiB)
[   11.422058] sd 2:0:0:0: [sda] Write Protect is off
[   11.425401] sd 2:0:1:0: [sdb] 20480 512-byte logical blocks: (10.5 MB/10.0 MiB)
[   11.428679] sd 2:0:0:0: [sda] Incomplete mode parameter data
[   11.434127] sd 2:0:1:0: [sdb] Write Protect is off
[   12.221244] sd 2:0:0:0: [sda] Assuming drive cache: write through
[   12.554051] sd 2:0:1:0: [sdb] Incomplete mode parameter data
[   12.557271]  sda: sda1
[   12.564072] sd 2:0:1:0: [sdb] Assuming drive cache: write through
[   12.568361] sd 2:0:0:0: [sda] Attached SCSI disk
[   12.585852] sd 2:0:1:0: [sdb] Attached SCSI disk
Begin: Loading essential drivers ... [   14.032020] raid6: sse2x1   gen() 11165 MB/s
[   14.092016] raid6: sse2x1   xor()  7422 MB/s
[   14.156343] raid6: sse2x2   gen() 14369 MB/s
[   14.244009] raid6: sse2x2   xor()  9718 MB/s
[   14.316259] raid6: sse2x4   gen() 17002 MB/s
[   14.376297] raid6: sse2x4   xor()  9544 MB/s
[   14.460220] raid6: avx2x1   gen() 20979 MB/s
[   14.532020] raid6: avx2x1   xor() 16657 MB/s
[   14.592021] raid6: avx2x2   gen() 24853 MB/s
[   14.668265] raid6: avx2x2   xor() 15339 MB/s
[   14.752112] raid6: avx2x4   gen() 28228 MB/s
[   14.800139] raid6: avx2x4   xor()  8019 MB/s
[   14.801760] raid6: using algorithm avx2x4 gen() 28228 MB/s
[   14.813138] raid6: .... xor() 8019 MB/s, rmw enabled
[   14.842474] raid6: using avx2x2 recovery algorithm
[   14.889511] xor: automatically using best checksumming function   avx       
[   14.939942] async_tx: api initialized (async)
done.
Begin: Running /scripts/init-premount ... done.[   15.029130] Btrfs loaded, crc32c=crc32c-intel

Begin: Mounting root file system ... Begin: Running /scripts/local-top ... done.
Begin: Running /scripts/local-premount ... Scanning for Btrfs filesystems
done.
Warning: fsck no[   15.077273] EXT4-fs (sda1): mounted filesystem with ordered data mode. Opts: (null)
t present, so skipping root file system
done.
Begin: Running /scripts/local-bottom ... done.
Begin: Running /scripts/init-bottom ... done.
[   15.368218] ip_tables: (C) 2000-2006 Netfilter Core Team
[   15.385005] systemd[1]: systemd 237 running in system mode. (+PAM +AUDIT +SELINUX +IMA +APPARMOR +SMACK +SYSVINIT +UTMP +LIBCRYPTSETUP +GCRYPT +GNUTLS +ACL +XZ +LZ4 +SECCOMP +BLKID +ELFUTILS +KMOD -IDN2 +IDN -PCRE2 default-hierarchy=hybrid)
[   15.581025] systemd[1]: Detected virtualization oracle.
[   15.661893] systemd[1]: Detected architecture x86-64.

Welcome to [1mUbuntu 18.04.2 LTS[0m!

[   15.829805] systemd[1]: Set hostname to <ubuntu-bionic>.
[   16.278035] systemd[1]: Reached target User and Group Name Lookups.
[[0;32m  OK  [0m] Reached target User and Group Name Lookups.
[   16.281289] systemd[1]: Reached target System Time Synchronized.
[[0;32m  OK  [0m] Reached target System Time Synchronized.
[   16.286222] systemd[1]: Created slice System Slice.
[[0;32m  OK  [0m] Created slice System Slice.
[   16.324870] systemd[1]: Listening on LVM2 poll daemon socket.
[[0;32m  OK  [0m] Listening on LVM2 poll daemon socket.
[   16.480795] systemd[1]: Listening on LVM2 metadata daemon socket.
[[0;32m  OK  [0m] Listening on LVM2 metadata daemon socket.
[   16.529164] systemd[1]: Listening on Network Service Netlink Socket.
[[0;32m  OK  [0m] Listening on Network Service Netlink Socket.
[[0;32m  OK  [0m] Listening on Device-mapper event daemon FIFOs.
[[0;32m  OK  [0m] Listening on Syslog Socket.
[[0;32m  OK  [0m] Listening on Journal Socket (/dev/log).
[[0;32m  OK  [0m] Listening on Journal Socket.
         Starting Remount Root and Kernel File Systems...
         Starting Load Kernel Modules...
[[0;32m  OK  [0m] Created slice User and Session Slice.
[[0;32m  OK  [0m] Reached target Slices.
         Mounting Kernel Debug File System...
[[0;32m  OK  [[   16.882727] Loading iSCSI transport class v2.0-870.
0m] Listening on[   16.921395] EXT4-fs (sda1): re-mounted. Opts: (null)
 udev Kernel Socket.
         Mounting Huge Pages File System...
[   16.941334] iscsi: registered transport (tcp)
[[0;32m  OK  [0m] Reached target Swap.
         Starting Monitoring of LVM2 mirrorsâ€¦ng dmeventd or progress polling...
         Starting Uncomplicated firewall...
[[0;32m  OK  [[   16.990047] iscsi: registered transport (iser)
0m] Listening on Journal Audit Socket.
[[0;32m  OK  [0m] Listening on udev Control Socket.
         Starting udev Coldplug all Devices...
         Starting Journal Service...
[[0;32m  OK  [0m] Started Forward Password Requests to Wall Directory Watch.
         Mounting POSIX Message Queue File System...
         Starting Set the console keyboard layout...
[[0;32m  OK  [0m] Listening on /dev/initctl Compatibility Named Pipe.
[[0;32m  OK  [0m] Set up automount Arbitrary Executabâ€¦rmats File System Automount Point.
[[0;32m  OK  [0m] Created slice system-serial\x2dgetty.slice.
         Starting Create list of required stâ€¦ce nodes for the current kernel...
[[0;32m  OK  [0m] Started Journal Service.
[[0;32m  OK  [0m] Started Remount Root and Kernel File Systems.
[[0;32m  OK  [0m] Started Load Kernel Modules.
[[0;32m  OK  [0m] Mounted Kernel Debug File System.
[[0;32m  OK  [0m] Mounted Huge Pages File System.
[[0;32m  OK  [0m] Started Uncomplicated firewall.
[[0;32m  OK  [0m] Mounted POSIX Message Queue File System.
[[0;32m  OK  [0m] Started Set the console keyboard layout.
[[0;32m  OK  [0m] Started Create list of required staâ€¦vice nodes for the current kernel.
[[0;32m  OK  [0m] Started udev Coldplug all Devices.
[[0;32m  OK  [0m] Started LVM2 metadata daemon.
         Starting Create Static Device Nodes in /dev...
         Mounting Kernel Configuration File System...
         Starting Apply Kernel Variables...
         Mounting FUSE Control File System...
         Starting Load/Save Random Seed...
         Starting Flush Journal to Persistent Storage...
[[0;32m  OK  [0m] Started Monitoring of LVM2 mirrors,â€¦sing dmeventd or progress polling.
[[0;32m  OK  [0m] Started Create Static Device Nodes in /dev.
[[0;32m  OK  [0m] Mounted Kernel Configuration File System.
[[0;32m  OK  [0m] Started Apply Kernel Variables.
[[0;32m  OK  [0m] Mounted FUSE Control File System.
[[0;32m  OK  [0m] Started Load/Save Random Seed.
         Starting udev Kernel Device Manager...
[[0;32m  OK  [0m] Reached target Local File Systems (Pre).
[[0;32m  OK  [0m] Reached target Local File Systems.
         Starting Set console font and keymap...
         Starting AppArmor initialization...
         Starting ebtables ruleset management...
         Starting Tell Plymouth To Write Out Runtime Data...
[[0;32m  OK  [0m] Started udev Kernel Device Manager.
[[0;32m  OK  [0m] Started Dispatch Password Requests to Console Directory Watch.
[[0;32m  OK  [0m] Reached target Local Encrypted Volumes.
[[0;32m  OK  [0m] Started Set console font and keymap.
[[0;32m  OK  [0m] Started Tell Plymouth To Write Out Runtime Data.
[[0;32m  OK  [0m] Found device /dev/ttyS0.
[[0;32m  OK  [0m] Started Flush Journal to Persistent Storage.
         Starting Create Volatile Files and Directories...
[[0;32m  OK  [0m] Started ebtables ruleset management.
[[0;32m  OK  [0m] Started Create Volatile Files and Directories.
         Starting Update UTMP about System Boot/Shutdown...
[[0;32m  OK  [0m] Listening on Load/Save RF Kill Switch Status /dev/rfkill Watch.
[[0;32m  OK  [0m] Started Update UTMP about System Boot/Shutdown.
[[0;32m  OK  [0m] Started AppArmor initialization.
         Starting Initial cloud-init job (pre-networking)...
[   20.249612] cloud-init[550]: Cloud-init v. 19.1-1-gbaa47854-0ubuntu1~18.04.1 running 'init-local' at Tue, 21 Apr 2020 08:25:40 +0000. Up 19.98 seconds.
[[0;32m  OK  [0m] Started Initial cloud-init job (pre-networking).
[[0;32m  OK  [0m] Reached target Network (Pre).
         Starting Network Service...
[[0;32m  OK  [0m] Started Network Service.
         Starting Wait for Network to be Configured...
         Starting Network Name Resolution...
[[0;32m  OK  [0m] Started Network Name Resolution.
[[0;32m  OK  [0m] Reached target Host and Network Name Lookups.
[[0;32m  OK  [0m] Reached target Network.
[[0;32m  OK  [0m] Started Wait for Network to be Configured.
         Starting Initial cloud-init job (metadata service crawler)...
[   23.487419] cloud-init[712]: Cloud-init v. 19.1-1-gbaa47854-0ubuntu1~18.04.1 running 'init' at Tue, 21 Apr 2020 08:25:43 +0000. Up 23.26 seconds.
[   23.502237] cloud-init[712]: ci-info: ++++++++++++++++++++++++++++++++++++++Net device info+++++++++++++++++++++++++++++++++++++++
[   23.510182] cloud-init[712]: ci-info: +--------+------+-----------------------------+---------------+--------+-------------------+
[   23.536463] cloud-init[712]: ci-info: | Device |  Up  |           Address           |      Mask     | Scope  |     Hw-Address    |
[   23.544008] cloud-init[712]: ci-info: +--------+------+-----------------------------+---------------+--------+-------------------+
[   23.562225] cloud-init[712]: ci-info: | enp0s3 | True |          10.0.2.15          | 255.255.255.0 | global | 02:14:02:97:50:96 |
[   23.579680] cloud-init[712]: ci-info: | enp0s3 | True |  fe80::14:2ff:fe97:5096/64  |       .       |  link  | 02:14:02:97:50:96 |
[   23.628451] cloud-init[712]: ci-info: | enp0s8 | True |        192.168.33.10        | 255.255.255.0 | global | 08:00:27:d9:a4:0f |
[   23.647361] cloud-init[712]: ci-info: | enp0s8 | True | fe80::a00:27ff:fed9:a40f/64 |       .       |  link  | 08:00:27:d9:a4:0f |
[   23.672381] cloud-init[712]: ci-info: |   lo   | True |          127.0.0.1          |   255.0.0.0   |  host  |         .         |
[   23.685474] cloud-init[712]: ci-info: |   lo   | True |           ::1/128           |       .       |  host  |         .         |
[   23.703403] cloud-init[712]: ci-info: +--------+------+-----------------------------+---------------+--------+-------------------+
[   23.736434] cloud-init[712]: ci-info: +++++++++++++++++++++++++++++Route IPv4 info+++++++++++++++++++++++++++++
[   23.772928] cloud-init[712]: ci-info: +-------+--------------+----------+-----------------+-----------+-------+
[   23.789114] cloud-init[712]: ci-info: | Route | Destination  | Gateway  |     Genmask     | Interface | Flags |
[   23.817361] cloud-init[712]: ci-info: +-------+--------------+----------+-----------------+-----------+-------+
[[0;32m  OK  [0m] Started Initial cloud-init job (metadata service crawler).
[   23.854598] cloud-init[712]: ci-info: |   0   |   0.0.0.0    | 10.0.2.2 |     0.0.0.0     |   enp0s3  |   UG  |
[[0;32m  OK  [0m] Reached target Network is Online.
[   23.894469] cloud-init[712]: ci-info: |   1   |   10.0.2.0   | 0.0.0.0  |  255.255.255.0  |   enp0s3  |   U   |
         Starting Availability of block devices...
[[0;32m  OK  [0m] Reached target Remote File Systems (Pre).
[[0;32m  OK  [0m] Reached target Remote File Systems.
[   23.951838] cloud-init[712]: ci-info: |   2   |   10.0.2.2   | 0.0.0.0  | 255.255.255.255 |   enp0s3  |   UH  |
[[0;32m  OK  [0m] Reached target Cloud-config availability.
[[0;32m  OK  [0m] Reached target System Initialization.
[   23.971138] cloud-init[712]: ci-info: |   3   | 192.168.33.0 | 0.0.0.0  |  255.255.255.0  |   enp0s8  |   U   |
         Starting Socket activation for snappy daemon.
[   24.002965] cloud-init[[712]: [0;32m  OK  [0mci-info: +-------+--------------+----------+-----------------+-----------+-------+] 
Started Discard unused blocks once a week.
[[0;32m  OK  [0m] Started ACPI Events Check.
[   24.017215] [[0;32m  OK  [0m] Listening on ACPID Listen Socket.
[[0;32m  OK  [0m] Started Daily Cleanup of Temporary Directories.
[[0;32m  OK  [0m] Listening on UUID daemon activation socket.
[[0;32m  OK  [0m] Listening on D-Bus System Message Bus Socket.
[[0;32m  OK  [0m] Listening on Open-iSCSI iscsid Socket.
[[0;32m  OK  [0m] Started Message of the Day.
[[0;32m  OK  [0m] Reached target Paths.
cloud-init[712]: ci-info: +++++++++++++++++++Route IPv6 info+++++++++++++++++++
         Starting LXD - unix socket.
[   24.071531] [[0;32m  OK  [0m] Started Daily apt download activities.
[[0;32m  OK  [0m] Started Daily apt upgrade and clean activities.
[[0;32m  OK  [0m] Reached target Timers.
cloud-init[712]: ci-info: +-------+-------------+---------+-----------+-------+
[   24.088907] [[0;32m  OK  [0m] Started Availability of block devices.
[[0;32m  OK  [0m] Listening on Socket activation for snappy daemon.
cloud-init[712]: ci-info: | Route | Destination | Gateway | Interface | Flags |
[   24.108626] [cloud-init[0;32m  OK  [0m[712]: ] ci-info: +-------+-------------+---------+-----------+-------+Listening on LXD - unix socket.

[[0;32m  OK  [0m] Reached target Sockets.
[[0;32m  OK  [0m] Reached target Basic System.
[   24.127178] cloud-init[712]: ci-info: |   1   |  fe80::/64  |    ::   |   enp0s8  |   U   |
[[0;32m  OK  [0m] Started Deferred execution scheduler.
         Starting LSB: Record successful boot for GRUB...
[   24.143538]          Starting Dispatcher daemon for systemd-networkd...
[[0;32m  OK  [0m] Started FUSE filesystem for LXC.
cloud-init[712]: ci-info: |   2   |  fe80::/64  |    ::   |   enp0s3  |   U   |         Starting System Logging Service...
         Starting LXD - container startup/shutdown...
         Starting vboxadd.service...

[   24.191542] cloud-init[712]: ci-info: |   4   |    local    |    ::   |   enp0s3  |   U   |
         Starting Login Service...
[   24.198841] cloud-init[712]: ci-info: |   5   |    local    |    ::   |   enp0s8  |   U   |
[   24.212439] cloud-init[712]: ci-info: |   6   |   ff00::/8  |    ::   |   enp0s8  |   U   |
[   24.220353] cloud-init[712]: ci-info: |   7   |   ff00::/8  |    ::   |   enp0s3  |   U   |
[   24.230564] cloud-init[712]: ci-info: +-------+-------------+---------+-----------+-------+
[[0;32m  OK  [0m] Started irqbalance daemon.
         Starting Accounts Service...
[[0;32m  OK  [0m] Started D-Bus System Message Bus.
         Starting Permit User Sessions...
         Starting OpenBSD Secure Shell server...
[[0;32m  OK  [0m] Started Regular background program processing daemon.
         Starting LSB: automatic crash report generation...
         Starting Snappy daemon...
[[0;32m  OK  [0m] Started System Logging Service.
[[0;32m  OK  [0m] Started Permit User Sessions.
[[0;32m  OK  [0m] Started Login Service.
[[0;32m  OK  [0m] Started Unattended Upgrades Shutdown.
         Starting Hold until boot process finishes up...
         Starting Terminate Plymouth Boot Screen...
[[0;32m  OK  [0m] Started Hold until boot process finishes up.
         Starting Set console scheme...
[[0;32m  OK  [0m] Started Serial Getty on ttyS0.
[[0;32m  OK  [0m] Started OpenBSD Secure Shell server.
[[0;32m  OK  [0m] Started Terminate Plymouth Boot Screen.
[[0;32m  OK  [0m] Started Set console scheme.
[[0;32m  OK  [0m] Created slice system-getty.slice.
[[0;32m  OK  [0m] Started Getty on tty1.
[[0;32m  OK  [0m] Reached target Login Prompts.
         Starting Authorization Manager...
[[0;32m  OK  [0m] Started LSB: Record successful boot for GRUB.
[[0;32m  OK  [0m] Started LSB: automatic crash report generation.
[[0;32m  OK  [0m] Started LXD - container startup/shutdown.
[[0;32m  OK  [0m] Started Authorization Manager.
[[0;32m  OK  [0m] Started Accounts Service.
[[0;32m  OK  [0m] Created slice User Slice of vagrant.
         Starting User Manager for UID 1000...
[[0;32m  OK  [0m] Started Session 1 of user vagrant.
[[0;32m  OK  [0m] Started Dispatcher daemon for systemd-networkd.
[[0;32m  OK  [0m] Started Snappy daemon.
         Starting Wait until snapd is fully seeded...
[[0;32m  OK  [0m] Started vboxadd.service.
         Starting vboxadd-service.service...
[[0;32m  OK  [0m] Started Wait until snapd is fully seeded.
[[0;32m  OK  [0m] Started User Manager for UID 1000.
         Starting Apply the settings specified in cloud-config...
[[0;32m  OK  [0m] Started vboxadd-service.service.
[[0;32m  OK  [0m] Reached target Multi-User System.
[[0;32m  OK  [0m] Reached target Graphical Interface.
         Starting Update UTMP about System Runlevel Changes...
[[0;32m  OK  [0m] Started Update UTMP about System Runlevel Changes.
[   26.374521] cloud-init[1130]: Cloud-init v. 19.1-1-gbaa47854-0ubuntu1~18.04.1 running 'modules:config' at Tue, 21 Apr 2020 08:25:46 +0000. Up 26.25 seconds.
[[0;32m  OK  [0m] Started Apply the settings specified in cloud-config.
         Starting Execute cloud user/final scripts...
[   27.035596] cloud-init[1291]: Cloud-init v. 19.1-1-gbaa47854-0ubuntu1~18.04.1 running 'modules:final' at Tue, 21 Apr 2020 08:25:47 +0000. Up 26.91 seconds.
[   27.039725] cloud-init[1291]: Cloud-init v. 19.1-1-gbaa47854-0ubuntu1~18.04.1 finished at Tue, 21 Apr 2020 08:25:47 +0000. Datasource DataSourceNoCloud [seed=/dev/sdb][dsmode=net].  Up 27.02 seconds
[[0;32m  OK  [0m] Started Execute cloud user/final scripts.
[[0;32m  OK  [0m] Reached target Cloud-init target.

Ubuntu 18.04.2 LTS ubuntu-bionic ttyS0

ubuntu-bionic login: 